../Core/Src/main.c:92:5:main	56	static,ignoring_inline_asm
../Core/Src/main.c:186:6:SystemClock_Config	88	static
../Core/Src/main.c:232:13:MX_ETH_Init	8	static
../Core/Src/main.c:281:13:MX_USART3_UART_Init	8	static
../Core/Src/main.c:314:13:MX_USB_OTG_FS_PCD_Init	8	static
../Core/Src/main.c:349:13:MX_GPIO_Init	56	static
../Core/Src/main.c:408:6:vTask1	40	static,ignoring_inline_asm
../Core/Src/main.c:447:6:vTask2	16	static
../Core/Src/main.c:466:6:StartDefaultTask	16	static
../Core/Src/main.c:485:6:HAL_TIM_PeriodElapsedCallback	16	static
../Core/Src/main.c:502:6:Error_Handler	4	static,ignoring_inline_asm
