../Core/Src/main.c:94:5:main	8	static
../Core/Src/main.c:180:6:SystemClock_Config	88	static
../Core/Src/main.c:226:13:MX_ETH_Init	8	static
../Core/Src/main.c:275:13:MX_TIM2_Init	32	static
../Core/Src/main.c:320:13:MX_USART3_UART_Init	8	static
../Core/Src/main.c:353:13:MX_USB_OTG_FS_PCD_Init	8	static
../Core/Src/main.c:388:13:MX_GPIO_Init	56	static
../Core/Src/main.c:440:6:configureTimerForRunTimeStats	4	static
../Core/Src/main.c:445:15:getRunTimeCounterValue	4	static
../Core/Src/main.c:451:6:vApplicationIdleHook	8	static
../Core/Src/main.c:468:6:vApplicationTickHook	8	static
../Core/Src/main.c:479:6:vApplicationStackOverflowHook	24	static,ignoring_inline_asm
../Core/Src/main.c:501:6:StartDefaultTask	16	static
../Core/Src/main.c:520:6:HAL_TIM_PeriodElapsedCallback	16	static
../Core/Src/main.c:541:6:Error_Handler	4	static,ignoring_inline_asm
