../Core/Src/main.c:91:5:main	64	static,ignoring_inline_asm
../Core/Src/main.c:196:6:SystemClock_Config	88	static
../Core/Src/main.c:242:13:MX_ETH_Init	8	static
../Core/Src/main.c:291:13:MX_USART3_UART_Init	8	static
../Core/Src/main.c:324:13:MX_USB_OTG_FS_PCD_Init	8	static
../Core/Src/main.c:359:13:MX_GPIO_Init	56	static
../Core/Src/main.c:418:6:vTask1	24	static
../Core/Src/main.c:452:6:vTask2	24	static
../Core/Src/main.c:491:6:StartDefaultTask	16	static
../Core/Src/main.c:510:6:HAL_TIM_PeriodElapsedCallback	16	static
../Core/Src/main.c:527:6:Error_Handler	4	static,ignoring_inline_asm
