15:16:53 **** Incremental Build of configuration Debug for project AdM_assembly_clase5 ****
make -j12 all 
arm-none-eabi-gcc -mcpu=cortex-m4 -g3 -DDEBUG -c -x assembler-with-cpp -MMD -MP -MF"Core/Src/asm_func.d" -MT"Core/Src/asm_func.o" --specs=nano.specs -mfpu=fpv4-sp-d16 -mfloat-abi=hard -mthumb -o "Core/Src/asm_func.o" "../Core/Src/asm_func.S"
arm-none-eabi-gcc "../Core/Src/main.c" -mcpu=cortex-m4 -std=gnu11 -g3 -DDEBUG -DUSE_HAL_DRIVER -DSTM32F429xx -c -I../Core/Inc -I../Drivers/STM32F4xx_HAL_Driver/Inc -I../Drivers/STM32F4xx_HAL_Driver/Inc/Legacy -I../Drivers/CMSIS/Device/ST/STM32F4xx/Include -I../Drivers/CMSIS/Include -O0 -ffunction-sections -fdata-sections -Wall -fstack-usage -fcyclomatic-complexity -MMD -MP -MF"Core/Src/main.d" -MT"Core/Src/main.o" --specs=nano.specs -mfpu=fpv4-sp-d16 -mfloat-abi=hard -mthumb -o "Core/Src/main.o"
../Core/Src/main.c: In function 'main':
../Core/Src/main.c:95:21: warning: unused variable 'a' [-Wunused-variable]
   95 |             uint8_t a = 1; // usar break para ver vectorOut
      |                     ^
../Core/Src/main.c:106:21: warning: unused variable 'a' [-Wunused-variable]
  106 |             uint8_t a = 1; // usar break para ver vectorOut
      |                     ^
../Core/Src/main.c:105:22: warning: unused variable 'maxValue' [-Wunused-variable]
  105 |             uint32_t maxValue = max(vectorIn, longitud);
      |                      ^~~~~~~~
../Core/Src/main.c:121:21: warning: unused variable 'a' [-Wunused-variable]
  121 |             uint8_t a = 1; // usar break para ver vectorOut
      |                     ^
../Core/Src/main.c:135:17: warning: unused variable 'a' [-Wunused-variable]
  135 |         uint8_t a = 1; // usar break para ver vectorOut
      |                 ^
arm-none-eabi-gcc -o "AdM_assembly_clase5.elf" @"objects.list"   -mcpu=cortex-m4 -T"C:\Users\chris\STM32CubeIDE\workspace_1.13.2\CESE 2024\AdM\AdM_assembly_clase5\STM32F429ZITX_FLASH.ld" --specs=nosys.specs -Wl,-Map="AdM_assembly_clase5.map" -Wl,--gc-sections -static --specs=nano.specs -mfpu=fpv4-sp-d16 -mfloat-abi=hard -mthumb -Wl,--start-group -lc -lm -Wl,--end-group
Finished building target: AdM_assembly_clase5.elf
 
arm-none-eabi-size  AdM_assembly_clase5.elf 
arm-none-eabi-objdump -h -S AdM_assembly_clase5.elf  > "AdM_assembly_clase5.list"
   text	   data	    bss	    dec	    hex	filename
  12728	     12	   3452	  16192	   3f40	AdM_assembly_clase5.elf
Finished building: default.size.stdout
 
Finished building: AdM_assembly_clase5.list
 

15:16:54 Build Finished. 0 errors, 5 warnings. (took 1s.213ms)

