17:36:16 **** Build of configuration Debug for project freertos_app_example_1_6 ****
make -j12 all 
arm-none-eabi-gcc -o "freertos_app_example_1_6.elf" @"objects.list"  -lrdimon -mcpu=cortex-m4 -T"C:\Users\chris\STM32CubeIDE\workspace_1.13.2\CESE 2024\freertos_app_example_1_6\STM32F429ZITX_FLASH.ld" --specs=nosys.specs -Wl,-Map="freertos_app_example_1_6.map" -Wl,--gc-sections -static -specs=rdimon.specs --specs=nano.specs -mfpu=fpv4-sp-d16 -mfloat-abi=hard -mthumb -Wl,--start-group -lc -lm -Wl,--end-group
Finished building target: freertos_app_example_1_6.elf
 
arm-none-eabi-size   freertos_app_example_1_6.elf 
arm-none-eabi-objdump -h -S  freertos_app_example_1_6.elf  > "freertos_app_example_1_6.list"
   text	   data	    bss	    dec	    hex	filename
  27440	    140	  19900	  47480	   b978	freertos_app_example_1_6.elf
Finished building: default.size.stdout
 
Finished building: freertos_app_example_1_6.list
 

17:36:17 Build Finished. 0 errors, 0 warnings. (took 933ms)

