../Core/Src/main.c:94:5:main	8	static
../Core/Src/main.c:182:6:SystemClock_Config	88	static
../Core/Src/main.c:228:13:MX_ETH_Init	8	static
../Core/Src/main.c:277:13:MX_TIM2_Init	32	static
../Core/Src/main.c:322:13:MX_USART3_UART_Init	8	static
../Core/Src/main.c:355:13:MX_USB_OTG_FS_PCD_Init	8	static
../Core/Src/main.c:390:13:MX_GPIO_Init	56	static
../Core/Src/main.c:442:6:configureTimerForRunTimeStats	4	static
../Core/Src/main.c:447:15:getRunTimeCounterValue	4	static
../Core/Src/main.c:453:6:vApplicationIdleHook	8	static
../Core/Src/main.c:470:6:vApplicationTickHook	8	static
../Core/Src/main.c:481:6:vApplicationStackOverflowHook	24	static,ignoring_inline_asm
../Core/Src/main.c:503:6:StartDefaultTask	16	static
../Core/Src/main.c:522:6:HAL_TIM_PeriodElapsedCallback	16	static
../Core/Src/main.c:543:6:Error_Handler	4	static,ignoring_inline_asm
